// Jest Snapshot v1, https://goo.gl/fbAQLP

exports[`renders svg when loading is activated 1`] = `
<input
  class="input"
  data-testid="input-test"
  value=""
/>
`;
